Timing is on.
Time: 14.491 ms
                                                                               QUERY PLAN                                                                                
-------------------------------------------------------------------------------------------------------------------------------------------------------------------------
 GroupAggregate  (cost=1698.93..5657.16 rows=1 width=736) (actual time=14.672..14.679 rows=1 loops=1)
   Group Key: jp.id_jadwal_pertunjukan, lp.id_lokasi
   Buffers: shared hit=1170 read=841 dirtied=831
   ->  Sort  (cost=1698.93..1698.93 rows=1 width=572) (actual time=0.084..0.085 rows=8 loops=1)
         Sort Key: lp.id_lokasi
         Sort Method: quicksort  Memory: 26kB
         Buffers: shared hit=20
         ->  Nested Loop Left Join  (cost=19.47..1698.92 rows=1 width=572) (actual time=0.037..0.067 rows=8 loops=1)
               Join Filter: (t.id_jadwal_pertunjukan = jp.id_jadwal_pertunjukan)
               Buffers: shared hit=17
               ->  Nested Loop  (cost=0.56..16.60 rows=1 width=568) (actual time=0.021..0.022 rows=1 loops=1)
                     Buffers: shared hit=6
                     ->  Index Scan using jadwal_pertunjukan_pkey on jadwal_pertunjukan jp  (cost=0.28..8.30 rows=1 width=346) (actual time=0.010..0.011 rows=1 loops=1)
                           Index Cond: (id_jadwal_pertunjukan = 5468)
                           Buffers: shared hit=3
                     ->  Index Scan using lokasi_pertunjukan_pkey on lokasi_pertunjukan lp  (cost=0.28..8.30 rows=1 width=226) (actual time=0.009..0.009 rows=1 loops=1)
                           Index Cond: (id_lokasi = jp.id_lokasi)
                           Buffers: shared hit=3
               ->  Bitmap Heap Scan on tiket t  (cost=18.91..1671.85 rows=837 width=8) (actual time=0.014..0.041 rows=8 loops=1)
                     Recheck Cond: (id_jadwal_pertunjukan = 5468)
                     Heap Blocks: exact=8
                     Buffers: shared hit=11
                     ->  Bitmap Index Scan on idx_tiket_jadwal  (cost=0.00..18.70 rows=837 width=0) (actual time=0.009..0.009 rows=8 loops=1)
                           Index Cond: (id_jadwal_pertunjukan = 5468)
                           Buffers: shared hit=3
   SubPlan 1
     ->  Aggregate  (cost=137.01..137.02 rows=1 width=32) (actual time=0.022..0.023 rows=1 loops=1)
           Buffers: shared read=3 dirtied=1
           ->  Bitmap Heap Scan on fasilitas f  (cost=8.66..136.88 rows=48 width=218) (actual time=0.019..0.019 rows=3 loops=1)
                 Recheck Cond: (id_lokasi = lp.id_lokasi)
                 Heap Blocks: exact=1
                 Buffers: shared read=3 dirtied=1
                 ->  Bitmap Index Scan on fasilitas_pkey  (cost=0.00..8.64 rows=48 width=0) (actual time=0.011..0.012 rows=3 loops=1)
                       Index Cond: (id_lokasi = lp.id_lokasi)
                       Buffers: shared read=2
   SubPlan 2
     ->  Aggregate  (cost=1399.57..1399.58 rows=1 width=32) (actual time=3.913..3.915 rows=1 loops=1)
           Buffers: shared hit=972 read=2
           ->  Hash Join  (cost=292.96..1398.81 rows=301 width=218) (actual time=0.064..3.910 rows=4 loops=1)
                 Hash Cond: (a.id_artis = ap2.id_artis)
                 Buffers: shared hit=972 read=2
                 ->  Seq Scan on artis a  (cost=0.00..1077.81 rows=10681 width=222) (actual time=0.003..2.400 rows=36000 loops=1)
                       Buffers: shared hit=971
                 ->  Hash  (cost=289.19..289.19 rows=301 width=4) (actual time=0.015..0.016 rows=4 loops=1)
                       Buckets: 1024  Batches: 1  Memory Usage: 9kB
                       Buffers: shared hit=1 read=2
                       ->  Bitmap Heap Scan on artis_pertunjukan ap2  (cost=6.62..289.19 rows=301 width=4) (actual time=0.012..0.012 rows=4 loops=1)
                             Recheck Cond: (id_jadwal_pertunjukan = jp.id_jadwal_pertunjukan)
                             Heap Blocks: exact=1
                             Buffers: shared hit=1 read=2
                             ->  Bitmap Index Scan on artis_pertunjukan_pkey  (cost=0.00..6.55 rows=301 width=0) (actual time=0.010..0.010 rows=4 loops=1)
                                   Index Cond: (id_jadwal_pertunjukan = jp.id_jadwal_pertunjukan)
                                   Buffers: shared read=2
   SubPlan 3
     ->  Aggregate  (cost=750.89..750.90 rows=1 width=32) (actual time=3.458..3.458 rows=1 loops=1)
           Buffers: shared read=332 dirtied=330
           ->  Hash Join  (cost=350.37..749.99 rows=360 width=218) (actual time=1.968..3.454 rows=2 loops=1)
                 Hash Cond: (v.id_vendor = vp.id_vendor)
                 Buffers: shared read=332 dirtied=330
                 ->  Seq Scan on vendor v  (cost=0.00..384.93 rows=5593 width=222) (actual time=0.016..2.462 rows=24000 loops=1)
                       Buffers: shared read=329 dirtied=329
                 ->  Hash  (cost=345.87..345.87 rows=360 width=4) (actual time=0.027..0.027 rows=2 loops=1)
                       Buckets: 1024  Batches: 1  Memory Usage: 9kB
                       Buffers: shared read=3 dirtied=1
                       ->  Bitmap Heap Scan on vendor_pertunjukan vp  (cost=7.08..345.87 rows=360 width=4) (actual time=0.022..0.023 rows=2 loops=1)
                             Recheck Cond: (id_jadwal_pertunjukan = jp.id_jadwal_pertunjukan)
                             Heap Blocks: exact=1
                             Buffers: shared read=3 dirtied=1
                             ->  Bitmap Index Scan on vendor_pertunjukan_pkey  (cost=0.00..6.99 rows=360 width=0) (actual time=0.012..0.012 rows=2 loops=1)
                                   Index Cond: (id_jadwal_pertunjukan = jp.id_jadwal_pertunjukan)
                                   Buffers: shared read=2
   SubPlan 4
     ->  Aggregate  (cost=508.71..508.72 rows=1 width=32) (actual time=1.545..1.546 rows=1 loops=1)
           Buffers: shared hit=178 read=2
           ->  Hash Join  (cost=292.96..507.96 rows=301 width=218) (actual time=1.458..1.543 rows=1 loops=1)
                 Hash Cond: (s.id_sponsor = sp.id_sponsor)
                 Buffers: shared hit=178 read=2
                 ->  Seq Scan on sponsor s  (cost=0.00..207.09 rows=3009 width=222) (actual time=0.004..0.843 rows=18000 loops=1)
                       Buffers: shared hit=177
                 ->  Hash  (cost=289.19..289.19 rows=301 width=4) (actual time=0.019..0.020 rows=1 loops=1)
                       Buckets: 1024  Batches: 1  Memory Usage: 9kB
                       Buffers: shared hit=1 read=2
                       ->  Bitmap Heap Scan on sponsor_pertunjukan sp  (cost=6.62..289.19 rows=301 width=4) (actual time=0.016..0.017 rows=1 loops=1)
                             Recheck Cond: (id_jadwal_pertunjukan = jp.id_jadwal_pertunjukan)
                             Heap Blocks: exact=1
                             Buffers: shared hit=1 read=2
                             ->  Bitmap Index Scan on sponsor_pertunjukan_pkey  (cost=0.00..6.55 rows=301 width=0) (actual time=0.011..0.011 rows=1 loops=1)
                                   Index Cond: (id_jadwal_pertunjukan = jp.id_jadwal_pertunjukan)
                                   Buffers: shared read=2
   SubPlan 5
     ->  Aggregate  (cost=1161.98..1161.99 rows=1 width=32) (actual time=5.636..5.636 rows=1 loops=1)
           Buffers: shared read=502 dirtied=500
           ->  Hash Join  (cost=526.85..1160.63 rows=540 width=218) (actual time=0.150..5.633 rows=4 loops=1)
                 Hash Cond: (pn.id_panitia = pp.id_panitia)
                 Buffers: shared read=502 dirtied=500
                 ->  Seq Scan on panitia pn  (cost=0.00..605.12 rows=10912 width=222) (actual time=0.010..3.830 rows=45000 loops=1)
                       Buffers: shared read=496 dirtied=496
                 ->  Hash  (cost=520.10..520.10 rows=540 width=4) (actual time=0.043..0.043 rows=4 loops=1)
                       Buckets: 1024  Batches: 1  Memory Usage: 9kB
                       Buffers: shared read=6 dirtied=4
                       ->  Bitmap Heap Scan on panitia_pertunjukan pp  (cost=12.48..520.10 rows=540 width=4) (actual time=0.022..0.038 rows=4 loops=1)
                             Recheck Cond: (id_jadwal_pertunjukan = jp.id_jadwal_pertunjukan)
                             Heap Blocks: exact=4
                             Buffers: shared read=6 dirtied=4
                             ->  Bitmap Index Scan on idx_panitia_pertunjukan_jadwal  (cost=0.00..12.34 rows=540 width=0) (actual time=0.014..0.014 rows=4 loops=1)
                                   Index Cond: (id_jadwal_pertunjukan = jp.id_jadwal_pertunjukan)
                                   Buffers: shared read=2
 Planning:
   Buffers: shared hit=310 read=7
 Planning Time: 0.712 ms
 Execution Time: 14.797 ms
(111 rows)

Time: 16.441 ms
Time: 6.286 ms
