Timing is on.
                                                                                       QUERY PLAN                                                                                        
-----------------------------------------------------------------------------------------------------------------------------------------------------------------------------------------
 Sort  (cost=135790.37..136209.02 rows=167462 width=584) (actual time=252.007..253.815 rows=24000 loops=1)
   Sort Key: (round((((count(t.id_tiket))::numeric * 100.0) / (lp.kapasitas)::numeric), 2)) DESC
   Sort Method: external merge  Disk: 3016kB
   Buffers: shared hit=371415 read=670 dirtied=120, temp read=377 written=378
   ->  GroupAggregate  (cost=4.76..34257.13 rows=167462 width=584) (actual time=25.240..241.235 rows=24000 loops=1)
         Group Key: jp.id_jadwal_pertunjukan, lp.nama_lokasi, lp.kapasitas
         Buffers: shared hit=371412 read=670 dirtied=120
         ->  Incremental Sort  (cost=4.76..28814.61 rows=167462 width=548) (actual time=25.218..211.889 rows=300000 loops=1)
               Sort Key: jp.id_jadwal_pertunjukan, lp.nama_lokasi, lp.kapasitas
               Presorted Key: jp.id_jadwal_pertunjukan
               Full-sort Groups: 7834  Sort Method: quicksort  Average Memory: 31kB  Peak Memory: 31kB
               Buffers: shared hit=371412 read=670 dirtied=120
               ->  Merge Left Join  (cost=0.98..19877.87 rows=167462 width=548) (actual time=25.027..159.730 rows=300000 loops=1)
                     Merge Cond: (jp.id_jadwal_pertunjukan = t.id_jadwal_pertunjukan)
                     Buffers: shared hit=371409 read=670 dirtied=120
                     ->  Nested Loop  (cost=0.56..4398.82 rows=6972 width=544) (actual time=24.995..50.390 rows=24000 loops=1)
                           Buffers: shared hit=72178 read=221 dirtied=120
                           ->  Index Scan using jadwal_pertunjukan_pkey on jadwal_pertunjukan jp  (cost=0.28..1704.86 rows=6972 width=326) (actual time=0.032..4.043 rows=24000 loops=1)
                                 Buffers: shared hit=332 read=67
                           ->  Index Scan using lokasi_pertunjukan_pkey on lokasi_pertunjukan lp  (cost=0.28..0.39 rows=1 width=226) (actual time=0.001..0.001 rows=1 loops=24000)
                                 Index Cond: (id_lokasi = jp.id_lokasi)
                                 Buffers: shared hit=71846 read=154 dirtied=120
                     ->  Index Scan using idx_tiket_jadwal on tiket t  (cost=0.42..13368.35 rows=167462 width=8) (actual time=0.026..82.488 rows=300000 loops=1)
                           Buffers: shared hit=299231 read=449
 Planning:
   Buffers: shared hit=223 read=1
 Planning Time: 0.363 ms
 JIT:
   Functions: 16
   Options: Inlining false, Optimization false, Expressions true, Deforming true
   Timing: Generation 0.587 ms, Inlining 0.000 ms, Optimization 2.777 ms, Emission 22.127 ms, Total 25.491 ms
 Execution Time: 515.231 ms
(32 rows)

Time: 516.675 ms
Time: 183.805 ms
