Timing is on.
Time: 0.827 ms
                                                                    QUERY PLAN                                                                    
--------------------------------------------------------------------------------------------------------------------------------------------------
 Sort  (cost=3030.13..3033.62 rows=1397 width=303) (actual time=4.992..4.998 rows=3 loops=1)
   Sort Key: jp.tanggal_mulai DESC
   Sort Method: quicksort  Memory: 25kB
   Buffers: shared hit=341 read=2
   ->  Append  (cost=515.78..2957.15 rows=1397 width=303) (actual time=4.932..4.978 rows=3 loops=1)
         Buffers: shared hit=338 read=2
         ->  Hash Join  (cost=515.78..2170.92 rows=837 width=428) (actual time=4.932..4.936 rows=2 loops=1)
               Hash Cond: (t.id_jadwal_pertunjukan = jp.id_jadwal_pertunjukan)
               Buffers: shared hit=337
               ->  Bitmap Heap Scan on tiket t  (cost=26.91..1679.85 rows=837 width=74) (actual time=0.021..0.024 rows=2 loops=1)
                     Recheck Cond: (id_penonton = 1)
                     Heap Blocks: exact=2
                     Buffers: shared hit=5
                     ->  Bitmap Index Scan on idx_tiket_penonton  (cost=0.00..26.70 rows=837 width=0) (actual time=0.018..0.018 rows=2 loops=1)
                           Index Cond: (id_penonton = 1)
                           Buffers: shared hit=3
               ->  Hash  (cost=401.72..401.72 rows=6972 width=330) (actual time=4.884..4.884 rows=24000 loops=1)
                     Buckets: 32768 (originally 8192)  Batches: 1 (originally 1)  Memory Usage: 2587kB
                     Buffers: shared hit=332
                     ->  Seq Scan on jadwal_pertunjukan jp  (cost=0.00..401.72 rows=6972 width=330) (actual time=0.007..1.722 rows=24000 loops=1)
                           Buffers: shared hit=332
         ->  Bitmap Heap Scan on transaksi_merch tm  (cost=12.63..765.28 rows=560 width=116) (actual time=0.040..0.040 rows=1 loops=1)
               Recheck Cond: (id_penonton = 1)
               Heap Blocks: exact=1
               Buffers: shared hit=1 read=2
               ->  Bitmap Index Scan on idx_transaksi_penonton  (cost=0.00..12.49 rows=560 width=0) (actual time=0.033..0.033 rows=1 loops=1)
                     Index Cond: (id_penonton = 1)
                     Buffers: shared read=2
 Planning:
   Buffers: shared hit=116
 Planning Time: 0.269 ms
 Execution Time: 5.326 ms
(32 rows)

Time: 5.983 ms
Time: 3.682 ms
