Timing is on.
                                                                    QUERY PLAN                                                                    
--------------------------------------------------------------------------------------------------------------------------------------------------
 Sort  (cost=6895.45..6912.88 rows=6972 width=418) (actual time=212.123..212.946 rows=24000 loops=1)
   Sort Key: (COALESCE(sum(t.harga), '0'::numeric)) DESC
   Sort Method: quicksort  Memory: 3389kB
   Buffers: shared hit=2266 read=664 dirtied=664, temp read=2341 written=3087
   ->  HashAggregate  (cost=6328.37..6450.38 rows=6972 width=418) (actual time=192.952..206.657 rows=24000 loops=1)
         Group Key: jp.id_jadwal_pertunjukan
         Batches: 5  Memory Usage: 7985kB  Disk Usage: 7992kB
         Buffers: shared hit=2263 read=664 dirtied=664, temp read=2341 written=3087
         ->  Hash Right Join  (cost=4855.61..6258.65 rows=6972 width=334) (actual time=57.624..140.743 rows=273179 loops=1)
               Hash Cond: (t.id_jadwal_pertunjukan = jp.id_jadwal_pertunjukan)
               Buffers: shared hit=2263 read=664 dirtied=664, temp read=1355 written=1355
               ->  Hash Right Join  (cost=4366.74..5767.58 rows=837 width=16) (actual time=52.493..100.605 rows=273179 loops=1)
                     Hash Cond: (tv.id_tiket = t.id_tiket)
                     Buffers: shared hit=2263 read=332 dirtied=332, temp read=1355 written=1355
                     ->  Seq Scan on tiket_vip tv  (cost=0.00..1178.60 rows=84660 width=4) (actual time=0.025..5.247 rows=75000 loops=1)
                           Buffers: shared read=332 dirtied=332
                     ->  Hash  (cost=4356.27..4356.27 rows=837 width=16) (actual time=52.462..52.463 rows=273179 loops=1)
                           Buckets: 262144 (originally 1024)  Batches: 4 (originally 1)  Memory Usage: 6145kB
                           Buffers: shared hit=2263, temp written=899
                           ->  Seq Scan on tiket t  (cost=0.00..4356.27 rows=837 width=16) (actual time=0.007..23.718 rows=273179 loops=1)
                                 Filter: ((status_pembayaran)::text = 'Lunas'::text)
                                 Rows Removed by Filter: 26821
                                 Buffers: shared hit=2263
               ->  Hash  (cost=401.72..401.72 rows=6972 width=322) (actual time=5.113..5.113 rows=24000 loops=1)
                     Buckets: 32768 (originally 8192)  Batches: 1 (originally 1)  Memory Usage: 2317kB
                     Buffers: shared read=332 dirtied=332
                     ->  Seq Scan on jadwal_pertunjukan jp  (cost=0.00..401.72 rows=6972 width=322) (actual time=0.011..2.738 rows=24000 loops=1)
                           Buffers: shared read=332 dirtied=332
 Planning:
   Buffers: shared hit=202 read=16 dirtied=2
 Planning Time: 0.439 ms
 Execution Time: 214.452 ms
(32 rows)

Time: 216.230 ms
Time: 169.463 ms
