Timing is on.
Time: 403.933 ms
BEGIN
Time: 0.081 ms
                                                          QUERY PLAN                                                          
------------------------------------------------------------------------------------------------------------------------------
 Delete on penonton  (cost=0.41..8.43 rows=0 width=0) (actual time=0.058..0.058 rows=0 loops=1)
   Buffers: shared hit=11
   ->  Index Scan using penonton_pkey on penonton  (cost=0.41..8.43 rows=1 width=6) (actual time=0.007..0.008 rows=1 loops=1)
         Index Cond: (id_penonton = 148)
         Buffers: shared hit=4
 Planning:
   Buffers: shared hit=3
 Planning Time: 0.058 ms
 Trigger for constraint fk_penonton_tiket on penonton: time=0.139 calls=1
 Trigger for constraint fk_penonton_transaksi on penonton: time=0.093 calls=1
 Trigger for constraint fk_tiket_vip on tiket: time=0.200 calls=8
 Trigger for constraint fk_transaksi on transaksi_merch: time=0.307 calls=4
 Trigger for constraint fk_tiket_freebies on tiket_vip: time=0.120 calls=1
 Execution Time: 0.989 ms
(14 rows)

Time: 1.375 ms
ROLLBACK
Time: 0.150 ms
BEGIN
Time: 0.142 ms
DELETE 1
Time: 0.321 ms
ROLLBACK
Time: 0.062 ms
