Timing is on.
Time: 1.445 ms
BEGIN
Time: 0.106 ms
                                                                    QUERY PLAN                                                                    
--------------------------------------------------------------------------------------------------------------------------------------------------
 Delete on jadwal_pertunjukan  (cost=0.28..8.30 rows=0 width=0) (actual time=0.133..0.134 rows=0 loops=1)
   Buffers: shared hit=16
   ->  Index Scan using jadwal_pertunjukan_pkey on jadwal_pertunjukan  (cost=0.28..8.30 rows=1 width=6) (actual time=0.006..0.008 rows=1 loops=1)
         Index Cond: (id_jadwal_pertunjukan = 1)
         Buffers: shared hit=3
 Planning:
   Buffers: shared hit=3
 Planning Time: 0.149 ms
 Trigger for constraint fk_jadwal_tiket on jadwal_pertunjukan: time=0.614 calls=1
 Trigger for constraint fk_jadwal_artis on jadwal_pertunjukan: time=0.375 calls=1
 Trigger for constraint fk_jadwal_vendor on jadwal_pertunjukan: time=0.383 calls=1
 Trigger for constraint fk_jadwal_sponsor on jadwal_pertunjukan: time=0.390 calls=1
 Trigger for constraint fk_jadwal_panitia on jadwal_pertunjukan: time=0.227 calls=1
 Trigger for constraint fk_tiket_vip on tiket: time=0.237 calls=8
 Trigger for constraint fk_tiket_freebies on tiket_vip: time=0.199 calls=3
 Execution Time: 2.637 ms
(16 rows)

Time: 3.275 ms
ROLLBACK
Time: 0.146 ms
BEGIN
Time: 0.091 ms
DELETE 1
Time: 0.483 ms
ROLLBACK
Time: 0.121 ms
