Timing is on.
BEGIN
Time: 0.147 ms
                                           QUERY PLAN                                           
------------------------------------------------------------------------------------------------
 Insert on penonton  (cost=0.00..0.04 rows=0 width=0) (actual time=0.213..0.214 rows=0 loops=1)
   Buffers: shared hit=55 read=15 dirtied=4
   ->  Result  (cost=0.00..0.04 rows=1 width=530) (actual time=0.079..0.079 rows=1 loops=1)
         Buffers: shared hit=9 read=4 dirtied=1
 Planning:
   Buffers: shared hit=11 read=1
 Planning Time: 0.064 ms
 Execution Time: 0.230 ms
(8 rows)

Time: 1.064 ms
ROLLBACK
Time: 0.099 ms
BEGIN
Time: 0.061 ms
INSERT 0 1
Time: 0.181 ms
ROLLBACK
Time: 0.072 ms
