Timing is on.
Time: 29.026 ms
BEGIN
Time: 0.183 ms
                                                            QUERY PLAN                                                             
-----------------------------------------------------------------------------------------------------------------------------------
 Update on tiket  (cost=18.70..1673.78 rows=0 width=0) (actual time=1.271..1.272 rows=0 loops=1)
   Buffers: shared hit=166 read=17 dirtied=16 written=1
   ->  Bitmap Heap Scan on tiket  (cost=18.70..1673.78 rows=4 width=14) (actual time=0.034..0.057 rows=7 loops=1)
         Recheck Cond: (id_jadwal_pertunjukan = 8934)
         Filter: ((status_pembayaran)::text = 'Belum Lunas'::text)
         Rows Removed by Filter: 12
         Heap Blocks: exact=19
         Buffers: shared hit=21 read=1
         ->  Bitmap Index Scan on idx_tiket_jadwal  (cost=0.00..18.70 rows=837 width=0) (actual time=0.017..0.017 rows=19 loops=1)
               Index Cond: (id_jadwal_pertunjukan = 8934)
               Buffers: shared hit=2 read=1
 Planning:
   Buffers: shared hit=3
 Planning Time: 0.084 ms
 Trigger trg_redeem_kupon_tiket: time=0.168 calls=7
 Execution Time: 1.332 ms
(16 rows)

Time: 1.806 ms
ROLLBACK
Time: 0.132 ms
BEGIN
Time: 0.069 ms
UPDATE 7
Time: 0.300 ms
ROLLBACK
Time: 0.074 ms
