Timing is on.
BEGIN
Time: 0.089 ms
                                                               QUERY PLAN                                                               
----------------------------------------------------------------------------------------------------------------------------------------
 Delete on tiket  (cost=448.20..4808.60 rows=0 width=0) (actual time=37.438..37.440 rows=0 loops=1)
   Buffers: shared hit=30935
   ->  Hash Join  (cost=448.20..4808.60 rows=279 width=12) (actual time=6.768..23.559 rows=14168 loops=1)
         Hash Cond: (tiket.id_jadwal_pertunjukan = jadwal_pertunjukan.id_jadwal_pertunjukan)
         Buffers: shared hit=2596
         ->  Seq Scan on tiket  (cost=0.00..4358.20 rows=838 width=10) (actual time=3.887..16.760 rows=26821 loops=1)
               Filter: ((status_pembayaran)::text = 'Belum Lunas'::text)
               Rows Removed by Filter: 273179
               Buffers: shared hit=2264
         ->  Hash  (cost=419.15..419.15 rows=2324 width=10) (actual time=2.855..2.857 rows=12800 loops=1)
               Buckets: 16384 (originally 4096)  Batches: 1 (originally 1)  Memory Usage: 678kB
               Buffers: shared hit=332
               ->  Seq Scan on jadwal_pertunjukan  (cost=0.00..419.15 rows=2324 width=10) (actual time=0.007..1.729 rows=12800 loops=1)
                     Filter: (tanggal_mulai < '2026-11-01'::date)
                     Rows Removed by Filter: 11200
                     Buffers: shared hit=332
 Planning:
   Buffers: shared hit=249
 Planning Time: 0.375 ms
 Trigger for constraint fk_tiket_vip: time=33.969 calls=14168
 Execution Time: 71.998 ms
(21 rows)

Time: 73.214 ms
ROLLBACK
Time: 0.231 ms
BEGIN
Time: 0.080 ms
DELETE 14168
Time: 64.659 ms
ROLLBACK
Time: 0.281 ms
